Archive member included to satisfy reference by file (symbol)

c:/program files (x86)/gnu arm embedded toolchain/9 2020-q2-update/bin/../lib/gcc/arm-none-eabi/9.3.1/../../../../arm-none-eabi/lib/thumb/v7e-m+fp/hard\libc_nano.a(lib_a-exit.o)
                              c:/program files (x86)/gnu arm embedded toolchain/9 2020-q2-update/bin/../lib/gcc/arm-none-eabi/9.3.1/../../../../arm-none-eabi/lib/thumb/v7e-m+fp/hard/crt0.o (exit)
c:/program files (x86)/gnu arm embedded toolchain/9 2020-q2-update/bin/../lib/gcc/arm-none-eabi/9.3.1/../../../../arm-none-eabi/lib/thumb/v7e-m+fp/hard\libc_nano.a(lib_a-impure.o)
                              c:/program files (x86)/gnu arm embedded toolchain/9 2020-q2-update/bin/../lib/gcc/arm-none-eabi/9.3.1/../../../../arm-none-eabi/lib/thumb/v7e-m+fp/hard\libc_nano.a(lib_a-exit.o) (_global_impure_ptr)
c:/program files (x86)/gnu arm embedded toolchain/9 2020-q2-update/bin/../lib/gcc/arm-none-eabi/9.3.1/../../../../arm-none-eabi/lib/thumb/v7e-m+fp/hard\libc_nano.a(lib_a-init.o)
                              c:/program files (x86)/gnu arm embedded toolchain/9 2020-q2-update/bin/../lib/gcc/arm-none-eabi/9.3.1/../../../../arm-none-eabi/lib/thumb/v7e-m+fp/hard/crt0.o (__libc_init_array)
c:/program files (x86)/gnu arm embedded toolchain/9 2020-q2-update/bin/../lib/gcc/arm-none-eabi/9.3.1/../../../../arm-none-eabi/lib/thumb/v7e-m+fp/hard\libc_nano.a(lib_a-memcpy-stub.o)
                              _build/nrf52832_xxaa/nrf_memobj.c.o (memcpy)
c:/program files (x86)/gnu arm embedded toolchain/9 2020-q2-update/bin/../lib/gcc/arm-none-eabi/9.3.1/../../../../arm-none-eabi/lib/thumb/v7e-m+fp/hard\libc_nano.a(lib_a-memset.o)
                              c:/program files (x86)/gnu arm embedded toolchain/9 2020-q2-update/bin/../lib/gcc/arm-none-eabi/9.3.1/../../../../arm-none-eabi/lib/thumb/v7e-m+fp/hard/crt0.o (memset)
c:/program files (x86)/gnu arm embedded toolchain/9 2020-q2-update/bin/../lib/gcc/arm-none-eabi/9.3.1/../../../../arm-none-eabi/lib/thumb/v7e-m+fp/hard\libc_nano.a(lib_a-strlen.o)
                              _build/nrf52832_xxaa/nrf_fprintf_format.c.o (strlen)
c:/program files (x86)/gnu arm embedded toolchain/9 2020-q2-update/bin/../lib/gcc/arm-none-eabi/9.3.1/../../../../arm-none-eabi/lib/thumb/v7e-m+fp/hard\libnosys.a(_exit.o)
                              c:/program files (x86)/gnu arm embedded toolchain/9 2020-q2-update/bin/../lib/gcc/arm-none-eabi/9.3.1/../../../../arm-none-eabi/lib/thumb/v7e-m+fp/hard\libc_nano.a(lib_a-exit.o) (_exit)
c:/program files (x86)/gnu arm embedded toolchain/9 2020-q2-update/bin/../lib/gcc/arm-none-eabi/9.3.1/thumb/v7e-m+fp/hard\libgcc.a(_aeabi_ldivmod.o)
                              _build/nrf52832_xxaa/timer.c.o (__aeabi_ldivmod)
c:/program files (x86)/gnu arm embedded toolchain/9 2020-q2-update/bin/../lib/gcc/arm-none-eabi/9.3.1/thumb/v7e-m+fp/hard\libgcc.a(_aeabi_uldivmod.o)
                              _build/nrf52832_xxaa/timer.c.o (__aeabi_uldivmod)
c:/program files (x86)/gnu arm embedded toolchain/9 2020-q2-update/bin/../lib/gcc/arm-none-eabi/9.3.1/thumb/v7e-m+fp/hard\libgcc.a(_udivmoddi4.o)
                              c:/program files (x86)/gnu arm embedded toolchain/9 2020-q2-update/bin/../lib/gcc/arm-none-eabi/9.3.1/thumb/v7e-m+fp/hard\libgcc.a(_aeabi_ldivmod.o) (__udivmoddi4)
c:/program files (x86)/gnu arm embedded toolchain/9 2020-q2-update/bin/../lib/gcc/arm-none-eabi/9.3.1/thumb/v7e-m+fp/hard\libgcc.a(_dvmd_tls.o)
                              c:/program files (x86)/gnu arm embedded toolchain/9 2020-q2-update/bin/../lib/gcc/arm-none-eabi/9.3.1/thumb/v7e-m+fp/hard\libgcc.a(_aeabi_ldivmod.o) (__aeabi_ldiv0)

Discarded input sections

 .text          0x00000000        0x0 c:/program files (x86)/gnu arm embedded toolchain/9 2020-q2-update/bin/../lib/gcc/arm-none-eabi/9.3.1/thumb/v7e-m+fp/hard/crti.o
 .data          0x00000000        0x0 c:/program files (x86)/gnu arm embedded toolchain/9 2020-q2-update/bin/../lib/gcc/arm-none-eabi/9.3.1/thumb/v7e-m+fp/hard/crti.o
 .bss           0x00000000        0x0 c:/program files (x86)/gnu arm embedded toolchain/9 2020-q2-update/bin/../lib/gcc/arm-none-eabi/9.3.1/thumb/v7e-m+fp/hard/crti.o
 .data          0x00000000        0x4 c:/program files (x86)/gnu arm embedded toolchain/9 2020-q2-update/bin/../lib/gcc/arm-none-eabi/9.3.1/thumb/v7e-m+fp/hard/crtbegin.o
 .data          0x00000000        0x0 c:/program files (x86)/gnu arm embedded toolchain/9 2020-q2-update/bin/../lib/gcc/arm-none-eabi/9.3.1/../../../../arm-none-eabi/lib/thumb/v7e-m+fp/hard/crt0.o
 .bss           0x00000000        0x0 c:/program files (x86)/gnu arm embedded toolchain/9 2020-q2-update/bin/../lib/gcc/arm-none-eabi/9.3.1/../../../../arm-none-eabi/lib/thumb/v7e-m+fp/hard/crt0.o
 .ARM.extab     0x00000000        0x0 c:/program files (x86)/gnu arm embedded toolchain/9 2020-q2-update/bin/../lib/gcc/arm-none-eabi/9.3.1/../../../../arm-none-eabi/lib/thumb/v7e-m+fp/hard/crt0.o
[...]
Memory Configuration

Name             Origin             Length             Attributes
FLASH            0x00000000         0x00080000         xr
RAM              0x20000000         0x00010000         xrw
*default*        0x00000000         0xffffffff

Linker script and memory map


.text           0x00000000     0x13f0
 *(.isr_vector)
 .isr_vector    0x00000000      0x200 _build/nrf52832_xxaa/gcc_startup_nrf52.S.o
                0x00000000                __isr_vector
 *(.text*)
 .text          0x00000200       0x40 c:/program files (x86)/gnu arm embedded toolchain/9 2020-q2-update/bin/../lib/gcc/arm-none-eabi/9.3.1/thumb/v7e-m+fp/hard/crtbegin.o
 .text          0x00000240       0x7c c:/program files (x86)/gnu arm embedded toolchain/9 2020-q2-update/bin/../lib/gcc/arm-none-eabi/9.3.1/../../../../arm-none-eabi/lib/thumb/v7e-m+fp/hard/crt0.o
                0x00000240                _stack_init
                0x00000248                _start
                0x00000248                _mainCRTStartup
 .text.LED_init
                0x000002bc       0x10 _build/nrf52832_xxaa/LED.c.o
                0x000002bc                LED_init
 .text.LED_blink
                0x000002cc       0x1c _build/nrf52832_xxaa/LED.c.o
                0x000002cc                LED_blink
 .text.LED_blink_button
                0x000002e8       0x1c _build/nrf52832_xxaa/LED.c.o
                0x000002e8                LED_blink_button
 .text.repeated_timer_handler
                0x00000304       0x10 _build/nrf52832_xxaa/timer.c.o
 .text.timer_init
                0x00000314       0x20 _build/nrf52832_xxaa/timer.c.o
                0x00000314                timer_init
 .text.timer_create
                0x00000334       0x20 _build/nrf52832_xxaa/timer.c.o
                0x00000334                timer_create
 .text.timer_start
                0x00000354       0x30 _build/nrf52832_xxaa/timer.c.o
                0x00000354                timer_start
 .text.button_init
                0x00000384        0xc _build/nrf52832_xxaa/button.c.o
                0x00000384                button_init
 .text.button_press
                0x00000390       0x2c _build/nrf52832_xxaa/button.c.o
                0x00000390                button_press
 .text          0x000003bc       0x3c _build/nrf52832_xxaa/gcc_startup_nrf52.S.o
                0x000003bc                Reset_Handler
                0x000003e4                NMI_Handler
                0x000003e6                HardFault_Handler
                0x000003e8                MemoryManagement_Handler
                0x000003ea                BusFault_Handler
                0x000003ec                UsageFault_Handler
                0x000003ee                SVC_Handler
                0x000003f0                DebugMon_Handler
                0x000003f2                PendSV_Handler
                0x000003f4                SysTick_Handler
                0x000003f6                RADIO_IRQHandler
                0x000003f6                PDM_IRQHandler
                0x000003f6                TEMP_IRQHandler
                0x000003f6                QDEC_IRQHandler
                0x000003f6                TIMER3_IRQHandler
                0x000003f6                FPU_IRQHandler
                0x000003f6                SPIM0_SPIS0_TWIM0_TWIS0_SPI0_TWI0_IRQHandler
                0x000003f6                SWI2_EGU2_IRQHandler
                0x000003f6                UARTE0_UART0_IRQHandler
                0x000003f6                TIMER4_IRQHandler
                0x000003f6                I2S_IRQHandler
                0x000003f6                RTC0_IRQHandler
                0x000003f6                TIMER0_IRQHandler
                0x000003f6                PWM1_IRQHandler
                0x000003f6                TIMER1_IRQHandler
                0x000003f6                PWM2_IRQHandler
                0x000003f6                ECB_IRQHandler
                0x000003f6                SPIM1_SPIS1_TWIM1_TWIS1_SPI1_TWI1_IRQHandler
                0x000003f6                Default_Handler
                0x000003f6                SAADC_IRQHandler
                0x000003f6                CCM_AAR_IRQHandler
                0x000003f6                WDT_IRQHandler
                0x000003f6                GPIOTE_IRQHandler
                0x000003f6                SWI5_EGU5_IRQHandler
                0x000003f6                RNG_IRQHandler
                0x000003f6                RTC2_IRQHandler
                0x000003f6                PWM0_IRQHandler
                0x000003f6                SWI3_EGU3_IRQHandler
                0x000003f6                SWI1_EGU1_IRQHandler
                0x000003f6                SPIM2_SPIS2_SPI2_IRQHandler
                0x000003f6                NFCT_IRQHandler
                0x000003f6                SWI4_EGU4_IRQHandler
                0x000003f6                MWU_IRQHandler
                0x000003f6                TIMER2_IRQHandler
                0x000003f6                COMP_LPCOMP_IRQHandler
 .text.app_util_critical_region_enter
                0x000003f8       0x10 _build/nrf52832_xxaa/app_util_platform.c.o
                0x000003f8                app_util_critical_region_enter
 .text.app_util_critical_region_exit
                0x00000408       0x14 _build/nrf52832_xxaa/app_util_platform.c.o
                0x00000408                app_util_critical_region_exit
 .text.startup.main
                0x0000041c       0x4c _build/nrf52832_xxaa/main.c.o
                0x0000041c                main
 .text.SystemInit
                0x00000468      0x3b4 _build/nrf52832_xxaa/system_nrf52.c.o
                0x00000468                SystemInit
 .text.RTC1_IRQHandler
                0x0000081c       0xa0 _build/nrf52832_xxaa/app_timer.c.o
                0x0000081c                RTC1_IRQHandler
 .text.SWI0_EGU0_IRQHandler
                0x000008bc      0x3ec _build/nrf52832_xxaa/app_timer.c.o
                0x000008bc                SWI0_EGU0_IRQHandler
 .text.app_timer_init
                0x00000ca8       0xb0 _build/nrf52832_xxaa/app_timer.c.o
                0x00000ca8                app_timer_init
 .text.app_timer_create
                0x00000d58       0x24 _build/nrf52832_xxaa/app_timer.c.o
                0x00000d58                app_timer_create
 .text.app_timer_start
                0x00000d7c       0xa4 _build/nrf52832_xxaa/app_timer.c.o
                0x00000d7c                app_timer_start
 .text.clock_irq_handler
                0x00000e20       0x44 _build/nrf52832_xxaa/nrf_drv_clock.c.o
 .text.nrf_drv_clock_init
                0x00000e64       0x44 _build/nrf52832_xxaa/nrf_drv_clock.c.o
                0x00000e64                nrf_drv_clock_init
 .text.nrf_drv_clock_lfclk_request
                0x00000ea8       0x5c _build/nrf52832_xxaa/nrf_drv_clock.c.o
                0x00000ea8                nrf_drv_clock_lfclk_request
 .text.nrfx_clock_init
                0x00000f04       0x18 _build/nrf52832_xxaa/nrfx_clock.c.o
                0x00000f04                nrfx_clock_init
 .text.nrfx_clock_enable
                0x00000f1c       0x24 _build/nrf52832_xxaa/nrfx_clock.c.o
                0x00000f1c                nrfx_clock_enable
 .text.nrfx_clock_lfclk_start
                0x00000f40       0x60 _build/nrf52832_xxaa/nrfx_clock.c.o
                0x00000f40                nrfx_clock_lfclk_start
 .text.POWER_CLOCK_IRQHandler
                0x00000fa0       0x6c _build/nrf52832_xxaa/nrfx_clock.c.o
                0x00000fa0                POWER_CLOCK_IRQHandler
 .text.exit     0x0000100c       0x28 c:/program files (x86)/gnu arm embedded toolchain/9 2020-q2-update/bin/../lib/gcc/arm-none-eabi/9.3.1/../../../../arm-none-eabi/lib/thumb/v7e-m+fp/hard\libc_nano.a(lib_a-exit.o)
                0x0000100c                exit
 .text.__libc_init_array
                0x00001034       0x48 c:/program files (x86)/gnu arm embedded toolchain/9 2020-q2-update/bin/../lib/gcc/arm-none-eabi/9.3.1/../../../../arm-none-eabi/lib/thumb/v7e-m+fp/hard\libc_nano.a(lib_a-init.o)
                0x00001034                __libc_init_array
 .text.memset   0x0000107c       0x10 c:/program files (x86)/gnu arm embedded toolchain/9 2020-q2-update/bin/../lib/gcc/arm-none-eabi/9.3.1/../../../../arm-none-eabi/lib/thumb/v7e-m+fp/hard\libc_nano.a(lib_a-memset.o)
                0x0000107c                memset
 .text._exit    0x0000108c        0x4 c:/program files (x86)/gnu arm embedded toolchain/9 2020-q2-update/bin/../lib/gcc/arm-none-eabi/9.3.1/../../../../arm-none-eabi/lib/thumb/v7e-m+fp/hard\libnosys.a(_exit.o)
                0x0000108c                _exit
 .text          0x00001090       0x30 c:/program files (x86)/gnu arm embedded toolchain/9 2020-q2-update/bin/../lib/gcc/arm-none-eabi/9.3.1/thumb/v7e-m+fp/hard\libgcc.a(_aeabi_uldivmod.o)
                0x00001090                __aeabi_uldivmod
 .text          0x000010c0      0x2c4 c:/program files (x86)/gnu arm embedded toolchain/9 2020-q2-update/bin/../lib/gcc/arm-none-eabi/9.3.1/thumb/v7e-m+fp/hard\libgcc.a(_udivmoddi4.o)
                0x000010c0                __udivmoddi4
 .text          0x00001384        0x4 c:/program files (x86)/gnu arm embedded toolchain/9 2020-q2-update/bin/../lib/gcc/arm-none-eabi/9.3.1/thumb/v7e-m+fp/hard\libgcc.a(_dvmd_tls.o)
                0x00001384                __aeabi_idiv0
                0x00001384                __aeabi_ldiv0
 *(.init)
 .init          0x00001388        0x4 c:/program files (x86)/gnu arm embedded toolchain/9 2020-q2-update/bin/../lib/gcc/arm-none-eabi/9.3.1/thumb/v7e-m+fp/hard/crti.o
                0x00001388                _init
 .init          0x0000138c        0x8 c:/program files (x86)/gnu arm embedded toolchain/9 2020-q2-update/bin/../lib/gcc/arm-none-eabi/9.3.1/thumb/v7e-m+fp/hard/crtn.o
 *(.fini)
 .fini          0x00001394        0x4 c:/program files (x86)/gnu arm embedded toolchain/9 2020-q2-update/bin/../lib/gcc/arm-none-eabi/9.3.1/thumb/v7e-m+fp/hard/crti.o
                0x00001394                _fini
 .fini          0x00001398        0x8 c:/program files (x86)/gnu arm embedded toolchain/9 2020-q2-update/bin/../lib/gcc/arm-none-eabi/9.3.1/thumb/v7e-m+fp/hard/crtn.o
 *crtbegin.o(.ctors)
 *crtbegin?.o(.ctors)
 *(EXCLUDE_FILE(*crtend.o *crtend?.o) .ctors)
 *(SORT_BY_NAME(.ctors.*))
 *(.ctors)
 *crtbegin.o(.dtors)
 *crtbegin?.o(.dtors)
 *(EXCLUDE_FILE(*crtend.o *crtend?.o) .dtors)
 *(SORT_BY_NAME(.dtors.*))
 *(.dtors)
 *(.rodata*)
 .rodata.m_repeated_timer_id
                0x000013a0        0x4 _build/nrf52832_xxaa/timer.c.o
 *fill*         0x000013a4        0xc 
 .rodata.delay_machine_code.8124
                0x000013b0        0x6 _build/nrf52832_xxaa/button.c.o
 *fill*         0x000013b6        0x2 
 .rodata.CSWTCH.15
                0x000013b8        0x5 _build/nrf52832_xxaa/system_nrf52.c.o
 *fill*         0x000013bd        0x3 
 .rodata.CSWTCH.19
                0x000013c0        0x5 _build/nrf52832_xxaa/system_nrf52.c.o
 *fill*         0x000013c5        0x3 
 .rodata.CSWTCH.21
                0x000013c8        0x5 _build/nrf52832_xxaa/system_nrf52.c.o
 *fill*         0x000013cd        0x3 
 .rodata.CSWTCH.5
                0x000013d0        0x5 _build/nrf52832_xxaa/system_nrf52.c.o
 *fill*         0x000013d5        0xb 
 .rodata.delay_machine_code.8526
                0x000013e0        0x6 _build/nrf52832_xxaa/app_timer.c.o
 *fill*         0x000013e6        0x2 
 .rodata._global_impure_ptr
                0x000013e8        0x4 c:/program files (x86)/gnu arm embedded toolchain/9 2020-q2-update/bin/../lib/gcc/arm-none-eabi/9.3.1/../../../../arm-none-eabi/lib/thumb/v7e-m+fp/hard\libc_nano.a(lib_a-impure.o)
                0x000013e8                _global_impure_ptr
 *(.eh_frame*)
 .eh_frame      0x000013ec        0x0 c:/program files (x86)/gnu arm embedded toolchain/9 2020-q2-update/bin/../lib/gcc/arm-none-eabi/9.3.1/thumb/v7e-m+fp/hard/crtbegin.o
 .eh_frame      0x000013ec        0x4 c:/program files (x86)/gnu arm embedded toolchain/9 2020-q2-update/bin/../lib/gcc/arm-none-eabi/9.3.1/thumb/v7e-m+fp/hard/crtend.o

.glue_7         0x000013f0        0x0
 .glue_7        0x000013f0        0x0 linker stubs

.glue_7t        0x000013f0        0x0
 .glue_7t       0x000013f0        0x0 linker stubs

.vfp11_veneer   0x000013f0        0x0
 .vfp11_veneer  0x000013f0        0x0 linker stubs

.v4_bx          0x000013f0        0x0
 .v4_bx         0x000013f0        0x0 linker stubs

.iplt           0x000013f0        0x0
 .iplt          0x000013f0        0x0 c:/program files (x86)/gnu arm embedded toolchain/9 2020-q2-update/bin/../lib/gcc/arm-none-eabi/9.3.1/thumb/v7e-m+fp/hard/crtbegin.o

.mem_section_dummy_rom

.log_const_data
                0x000013f0        0x0
                [!provide]                PROVIDE (__start_log_const_data = .)
 *(SORT_BY_NAME(.log_const_data*))
                [!provide]                PROVIDE (__stop_log_const_data = .)

.log_backends   0x000013f0        0x0
                [!provide]                PROVIDE (__start_log_backends = .)
 *(SORT_BY_NAME(.log_backends*))
                [!provide]                PROVIDE (__stop_log_backends = .)

.nrf_balloc     0x000013f0        0x0
                [!provide]                PROVIDE (__start_nrf_balloc = .)
 *(.nrf_balloc)
                [!provide]                PROVIDE (__stop_nrf_balloc = .)

.ARM.extab
 *(.ARM.extab* .gnu.linkonce.armextab.*)
                0x000013f0                __exidx_start = .

.ARM.exidx      0x000013f0        0x8
 *(.ARM.exidx* .gnu.linkonce.armexidx.*)
 .ARM.exidx     0x000013f0        0x8 c:/program files (x86)/gnu arm embedded toolchain/9 2020-q2-update/bin/../lib/gcc/arm-none-eabi/9.3.1/../../../../arm-none-eabi/lib/thumb/v7e-m+fp/hard/crt0.o
                                 0x10 (size before relaxing)
 .ARM.exidx     0x000013f8        0x0 c:/program files (x86)/gnu arm embedded toolchain/9 2020-q2-update/bin/../lib/gcc/arm-none-eabi/9.3.1/thumb/v7e-m+fp/hard\libgcc.a(_udivmoddi4.o)
                                  0x8 (size before relaxing)
                0x000013f8                __exidx_end = .

.rel.dyn        0x000013f8        0x0
 .rel.iplt      0x000013f8        0x0 c:/program files (x86)/gnu arm embedded toolchain/9 2020-q2-update/bin/../lib/gcc/arm-none-eabi/9.3.1/thumb/v7e-m+fp/hard/crtbegin.o
                0x000013f8                . = ALIGN (0x4)
                0x000013f8                __etext = .

.data           0x20000000       0x6c load address 0x000013f8
                0x20000000                __data_start__ = .
 *(vtable)
 *(.data*)
 .data.SystemCoreClock
                0x20000000        0x4 _build/nrf52832_xxaa/system_nrf52.c.o
                0x20000000                SystemCoreClock
 .data.impure_data
                0x20000004       0x60 c:/program files (x86)/gnu arm embedded toolchain/9 2020-q2-update/bin/../lib/gcc/arm-none-eabi/9.3.1/../../../../arm-none-eabi/lib/thumb/v7e-m+fp/hard\libc_nano.a(lib_a-impure.o)
                0x20000064                . = ALIGN (0x4)
                0x20000064                PROVIDE (__preinit_array_start = .)
 *(.preinit_array)
                0x20000064                PROVIDE (__preinit_array_end = .)
                0x20000064                . = ALIGN (0x4)
                0x20000064                PROVIDE (__init_array_start = .)
 *(SORT_BY_NAME(.init_array.*))
 *(.init_array)
 .init_array    0x20000064        0x4 c:/program files (x86)/gnu arm embedded toolchain/9 2020-q2-update/bin/../lib/gcc/arm-none-eabi/9.3.1/thumb/v7e-m+fp/hard/crtbegin.o
                0x20000068                PROVIDE (__init_array_end = .)
                0x20000068                . = ALIGN (0x4)
                [!provide]                PROVIDE (__fini_array_start = .)
 *(SORT_BY_NAME(.fini_array.*))
 *(.fini_array)
 .fini_array    0x20000068        0x4 c:/program files (x86)/gnu arm embedded toolchain/9 2020-q2-update/bin/../lib/gcc/arm-none-eabi/9.3.1/thumb/v7e-m+fp/hard/crtbegin.o
                [!provide]                PROVIDE (__fini_array_end = .)
 *(.jcr*)
                0x2000006c                . = ALIGN (0x4)
                0x2000006c                __data_end__ = .
LOAD c:/program files (x86)/gnu arm embedded toolchain/9 2020-q2-update/bin/../lib/gcc/arm-none-eabi/9.3.1/thumb/v7e-m+fp/hard/crti.o
LOAD c:/program files (x86)/gnu arm embedded toolchain/9 2020-q2-update/bin/../lib/gcc/arm-none-eabi/9.3.1/thumb/v7e-m+fp/hard/crtbegin.o
LOAD c:/program files (x86)/gnu arm embedded toolchain/9 2020-q2-update/bin/../lib/gcc/arm-none-eabi/9.3.1/../../../../arm-none-eabi/lib/thumb/v7e-m+fp/hard/crt0.o
LOAD _build/nrf52832_xxaa/LED.c.o
LOAD _build/nrf52832_xxaa/timer.c.o
LOAD _build/nrf52832_xxaa/button.c.o
LOAD _build/nrf52832_xxaa/gcc_startup_nrf52.S.o
LOAD _build/nrf52832_xxaa/nrf_log_frontend.c.o
LOAD _build/nrf52832_xxaa/nrf_log_str_formatter.c.o
LOAD _build/nrf52832_xxaa/boards.c.o
LOAD _build/nrf52832_xxaa/app_error.c.o
LOAD _build/nrf52832_xxaa/app_error_handler_gcc.c.o
LOAD _build/nrf52832_xxaa/app_error_weak.c.o
LOAD _build/nrf52832_xxaa/app_util_platform.c.o
LOAD _build/nrf52832_xxaa/nrf_assert.c.o
LOAD _build/nrf52832_xxaa/nrf_atomic.c.o
LOAD _build/nrf52832_xxaa/nrf_balloc.c.o
LOAD _build/nrf52832_xxaa/nrf_fprintf.c.o
LOAD _build/nrf52832_xxaa/nrf_fprintf_format.c.o
LOAD _build/nrf52832_xxaa/nrf_memobj.c.o
LOAD _build/nrf52832_xxaa/nrf_ringbuf.c.o
LOAD _build/nrf52832_xxaa/nrf_strerror.c.o
LOAD _build/nrf52832_xxaa/nrfx_atomic.c.o
LOAD _build/nrf52832_xxaa/main.c.o
LOAD _build/nrf52832_xxaa/system_nrf52.c.o
LOAD _build/nrf52832_xxaa/app_timer.c.o
LOAD _build/nrf52832_xxaa/nrf_drv_clock.c.o
LOAD _build/nrf52832_xxaa/nrfx_clock.c.o
LOAD c:/program files (x86)/gnu arm embedded toolchain/9 2020-q2-update/bin/../lib/gcc/arm-none-eabi/9.3.1/../../../../arm-none-eabi/lib/thumb/v7e-m+fp/hard\libc_nano.a
LOAD c:/program files (x86)/gnu arm embedded toolchain/9 2020-q2-update/bin/../lib/gcc/arm-none-eabi/9.3.1/../../../../arm-none-eabi/lib/thumb/v7e-m+fp/hard\libnosys.a
LOAD c:/program files (x86)/gnu arm embedded toolchain/9 2020-q2-update/bin/../lib/gcc/arm-none-eabi/9.3.1/../../../../arm-none-eabi/lib/thumb/v7e-m+fp/hard\libm.a
START GROUP
LOAD c:/program files (x86)/gnu arm embedded toolchain/9 2020-q2-update/bin/../lib/gcc/arm-none-eabi/9.3.1/thumb/v7e-m+fp/hard\libgcc.a
LOAD c:/program files (x86)/gnu arm embedded toolchain/9 2020-q2-update/bin/../lib/gcc/arm-none-eabi/9.3.1/../../../../arm-none-eabi/lib/thumb/v7e-m+fp/hard\libg_nano.a
LOAD c:/program files (x86)/gnu arm embedded toolchain/9 2020-q2-update/bin/../lib/gcc/arm-none-eabi/9.3.1/../../../../arm-none-eabi/lib/thumb/v7e-m+fp/hard\libc_nano.a
END GROUP
START GROUP
LOAD c:/program files (x86)/gnu arm embedded toolchain/9 2020-q2-update/bin/../lib/gcc/arm-none-eabi/9.3.1/thumb/v7e-m+fp/hard\libgcc.a
LOAD c:/program files (x86)/gnu arm embedded toolchain/9 2020-q2-update/bin/../lib/gcc/arm-none-eabi/9.3.1/../../../../arm-none-eabi/lib/thumb/v7e-m+fp/hard\libc_nano.a
END GROUP
LOAD c:/program files (x86)/gnu arm embedded toolchain/9 2020-q2-update/bin/../lib/gcc/arm-none-eabi/9.3.1/thumb/v7e-m+fp/hard/crtend.o
LOAD c:/program files (x86)/gnu arm embedded toolchain/9 2020-q2-update/bin/../lib/gcc/arm-none-eabi/9.3.1/thumb/v7e-m+fp/hard/crtn.o
START GROUP
LOAD c:/program files (x86)/gnu arm embedded toolchain/9 2020-q2-update/bin/../lib/gcc/arm-none-eabi/9.3.1/thumb/v7e-m+fp/hard\libgcc.a
LOAD c:/program files (x86)/gnu arm embedded toolchain/9 2020-q2-update/bin/../lib/gcc/arm-none-eabi/9.3.1/../../../../arm-none-eabi/lib/thumb/v7e-m+fp/hard\libc.a
LOAD c:/program files (x86)/gnu arm embedded toolchain/9 2020-q2-update/bin/../lib/gcc/arm-none-eabi/9.3.1/../../../../arm-none-eabi/lib/thumb/v7e-m+fp/hard\libnosys.a
END GROUP

.igot.plt       0x2000006c        0x0 load address 0x00001464
 .igot.plt      0x2000006c        0x0 c:/program files (x86)/gnu arm embedded toolchain/9 2020-q2-update/bin/../lib/gcc/arm-none-eabi/9.3.1/thumb/v7e-m+fp/hard/crtbegin.o
                0x2000006c                . = ALIGN (0x4)

.mem_section_dummy_ram

.log_dynamic_data
                0x2000006c        0x0
                [!provide]                PROVIDE (__start_log_dynamic_data = .)
 *(SORT_BY_NAME(.log_dynamic_data*))
                [!provide]                PROVIDE (__stop_log_dynamic_data = .)

.log_filter_data
                0x2000006c        0x0
                [!provide]                PROVIDE (__start_log_filter_data = .)
 *(SORT_BY_NAME(.log_filter_data*))
                [!provide]                PROVIDE (__stop_log_filter_data = .)

.bss            0x2000006c      0x184 load address 0x00001464
                0x2000006c                . = ALIGN (0x4)
                0x2000006c                __bss_start__ = .
 *(.bss*)
 .bss           0x2000006c       0x1c c:/program files (x86)/gnu arm embedded toolchain/9 2020-q2-update/bin/../lib/gcc/arm-none-eabi/9.3.1/thumb/v7e-m+fp/hard/crtbegin.o
 .bss.m_repeated_timer_id_data
                0x20000088       0x20 _build/nrf52832_xxaa/timer.c.o
 .bss.timer_flag
                0x200000a8        0x1 _build/nrf52832_xxaa/timer.c.o
                0x200000a8                timer_flag
 *fill*         0x200000a9        0x3 
 .bss.m_in_critical_region
                0x200000ac        0x4 _build/nrf52832_xxaa/app_util_platform.c.o
 .bss.m_op_queue
                0x200000b0      0x10c _build/nrf52832_xxaa/app_timer.c.o
 .bss.m_rtc1_reset
                0x200001bc        0x1 _build/nrf52832_xxaa/app_timer.c.o
 .bss.m_rtc1_running
                0x200001bd        0x1 _build/nrf52832_xxaa/app_timer.c.o
 *fill*         0x200001be        0x2 
 .bss.m_ticks_elapsed
                0x200001c0        0x8 _build/nrf52832_xxaa/app_timer.c.o
 .bss.m_ticks_elapsed_q_read_ind
                0x200001c8        0x1 _build/nrf52832_xxaa/app_timer.c.o
 .bss.m_ticks_elapsed_q_write_ind
                0x200001c9        0x1 _build/nrf52832_xxaa/app_timer.c.o
 *fill*         0x200001ca        0x2 
 .bss.m_ticks_latest
                0x200001cc        0x4 _build/nrf52832_xxaa/app_timer.c.o
 .bss.mp_timer_id_head
                0x200001d0        0x4 _build/nrf52832_xxaa/app_timer.c.o
 .bss.m_clock_cb
                0x200001d4       0x14 _build/nrf52832_xxaa/nrf_drv_clock.c.o
 .bss.m_clock_cb
                0x200001e8        0x8 _build/nrf52832_xxaa/nrfx_clock.c.o
 *(COMMON)
                0x200001f0                . = ALIGN (0x4)
                0x200001f0                __bss_end__ = .

.heap           0x200001f0     0x2000
                0x200001f0                __HeapBase = .
                0x200001f0                __end__ = .
                [!provide]                PROVIDE (end = .)
 *(.heap*)
 .heap          0x200001f0     0x2000 _build/nrf52832_xxaa/gcc_startup_nrf52.S.o
                0x200021f0                __HeapLimit = .

.stack_dummy    0x200001f0     0x2000
 *(.stack*)
 .stack         0x200001f0     0x2000 _build/nrf52832_xxaa/gcc_startup_nrf52.S.o
                0x20010000                __StackTop = (ORIGIN (RAM) + LENGTH (RAM))
                0x2000e000                __StackLimit = (__StackTop - SIZEOF (.stack_dummy))
                0x20010000                PROVIDE (__stack = __StackTop)
                0x00000001                ASSERT ((__StackLimit >= __HeapLimit), region RAM overflowed with stack)
                0x0000006c                DataInitFlashUsed = (__bss_start__ - __data_start__)
                0x000013f8                CodeFlashUsed = (__etext - ORIGIN (FLASH))
                0x00001464                TotalFlashUsed = (CodeFlashUsed + DataInitFlashUsed)
                0x00000001                ASSERT ((TotalFlashUsed <= LENGTH (FLASH)), region FLASH overflowed with .data and user data)
OUTPUT(_build/nrf52832_xxaa.out elf32-littlearm)
LOAD linker stubs

.ARM.attributes
                0x00000000       0x30
 .ARM.attributes
                0x00000000       0x1e c:/program files (x86)/gnu arm embedded toolchain/9 2020-q2-update/bin/../lib/gcc/arm-none-eabi/9.3.1/thumb/v7e-m+fp/hard/crti.o
 .ARM.attributes
                0x0000001e       0x34 c:/program files (x86)/gnu arm embedded toolchain/9 2020-q2-update/bin/../lib/gcc/arm-none-eabi/9.3.1/thumb/v7e-m+fp/hard/crtbegin.o
 .ARM.attributes
                0x00000052       0x1c c:/program files (x86)/gnu arm embedded toolchain/9 2020-q2-update/bin/../lib/gcc/arm-none-eabi/9.3.1/../../../../arm-none-eabi/lib/thumb/v7e-m+fp/hard/crt0.o
 .ARM.attributes
                0x0000006e       0x34 _build/nrf52832_xxaa/LED.c.o
 .ARM.attributes
                0x000000a2       0x34 _build/nrf52832_xxaa/timer.c.o
 .ARM.attributes
                0x000000d6       0x34 _build/nrf52832_xxaa/button.c.o
 .ARM.attributes
                0x0000010a       0x20 _build/nrf52832_xxaa/gcc_startup_nrf52.S.o
 .ARM.attributes
                0x0000012a       0x34 _build/nrf52832_xxaa/app_util_platform.c.o
 .ARM.attributes
                0x0000015e       0x34 _build/nrf52832_xxaa/main.c.o
 .ARM.attributes
                0x00000192       0x34 _build/nrf52832_xxaa/system_nrf52.c.o
 .ARM.attributes
                0x000001c6       0x34 _build/nrf52832_xxaa/app_timer.c.o
 .ARM.attributes
                0x000001fa       0x34 _build/nrf52832_xxaa/nrf_drv_clock.c.o
 .ARM.attributes
                0x0000022e       0x34 _build/nrf52832_xxaa/nrfx_clock.c.o
 .ARM.attributes
                0x00000262       0x34 c:/program files (x86)/gnu arm embedded toolchain/9 2020-q2-update/bin/../lib/gcc/arm-none-eabi/9.3.1/../../../../arm-none-eabi/lib/thumb/v7e-m+fp/hard\libc_nano.a(lib_a-exit.o)
 .ARM.attributes
                0x00000296       0x32 c:/program files (x86)/gnu arm embedded toolchain/9 2020-q2-update/bin/../lib/gcc/arm-none-eabi/9.3.1/../../../../arm-none-eabi/lib/thumb/v7e-m+fp/hard\libc_nano.a(lib_a-impure.o)
 .ARM.attributes
                0x000002c8       0x34 c:/program files (x86)/gnu arm embedded toolchain/9 2020-q2-update/bin/../lib/gcc/arm-none-eabi/9.3.1/../../../../arm-none-eabi/lib/thumb/v7e-m+fp/hard\libc_nano.a(lib_a-init.o)
 .ARM.attributes
                0x000002fc       0x34 c:/program files (x86)/gnu arm embedded toolchain/9 2020-q2-update/bin/../lib/gcc/arm-none-eabi/9.3.1/../../../../arm-none-eabi/lib/thumb/v7e-m+fp/hard\libc_nano.a(lib_a-memset.o)
 .ARM.attributes
                0x00000330       0x34 c:/program files (x86)/gnu arm embedded toolchain/9 2020-q2-update/bin/../lib/gcc/arm-none-eabi/9.3.1/../../../../arm-none-eabi/lib/thumb/v7e-m+fp/hard\libnosys.a(_exit.o)
 .ARM.attributes
                0x00000364       0x1e c:/program files (x86)/gnu arm embedded toolchain/9 2020-q2-update/bin/../lib/gcc/arm-none-eabi/9.3.1/thumb/v7e-m+fp/hard\libgcc.a(_aeabi_uldivmod.o)
 .ARM.attributes
                0x00000382       0x34 c:/program files (x86)/gnu arm embedded toolchain/9 2020-q2-update/bin/../lib/gcc/arm-none-eabi/9.3.1/thumb/v7e-m+fp/hard\libgcc.a(_udivmoddi4.o)
 .ARM.attributes
                0x000003b6       0x1e c:/program files (x86)/gnu arm embedded toolchain/9 2020-q2-update/bin/../lib/gcc/arm-none-eabi/9.3.1/thumb/v7e-m+fp/hard\libgcc.a(_dvmd_tls.o)
 .ARM.attributes
                0x000003d4       0x32 c:/program files (x86)/gnu arm embedded toolchain/9 2020-q2-update/bin/../lib/gcc/arm-none-eabi/9.3.1/thumb/v7e-m+fp/hard/crtend.o
 .ARM.attributes
                0x00000406       0x1e c:/program files (x86)/gnu arm embedded toolchain/9 2020-q2-update/bin/../lib/gcc/arm-none-eabi/9.3.1/thumb/v7e-m+fp/hard/crtn.o

.comment        0x00000000       0x4c
 .comment       0x00000000       0x4c _build/nrf52832_xxaa/LED.c.o
                                 0x4d (size before relaxing)
 .comment       0x0000004c       0x4d _build/nrf52832_xxaa/timer.c.o
 .comment       0x0000004c       0x4d _build/nrf52832_xxaa/button.c.o
 .comment       0x0000004c       0x4d _build/nrf52832_xxaa/app_util_platform.c.o
 .comment       0x0000004c       0x4d _build/nrf52832_xxaa/main.c.o
 .comment       0x0000004c       0x4d _build/nrf52832_xxaa/system_nrf52.c.o
 .comment       0x0000004c       0x4d _build/nrf52832_xxaa/app_timer.c.o
 .comment       0x0000004c       0x4d _build/nrf52832_xxaa/nrf_drv_clock.c.o
 .comment       0x0000004c       0x4d _build/nrf52832_xxaa/nrfx_clock.c.o

.debug_info     0x00000000     0xbfb5
 .debug_info    0x00000000      0xe97 _build/nrf52832_xxaa/LED.c.o
 .debug_info    0x00000e97      0xc4d _build/nrf52832_xxaa/timer.c.o
 .debug_info    0x00001ae4      0xf07 _build/nrf52832_xxaa/button.c.o
 .debug_info    0x000029eb       0x26 _build/nrf52832_xxaa/gcc_startup_nrf52.S.o
 .debug_info    0x00002a11     0x10c1 _build/nrf52832_xxaa/app_util_platform.c.o
 .debug_info    0x00003ad2      0xb0f _build/nrf52832_xxaa/main.c.o
 .debug_info    0x000045e1     0x170e _build/nrf52832_xxaa/system_nrf52.c.o
 .debug_info    0x00005cef     0x2b04 _build/nrf52832_xxaa/app_timer.c.o
 .debug_info    0x000087f3     0x1837 _build/nrf52832_xxaa/nrf_drv_clock.c.o
 .debug_info    0x0000a02a     0x1f8b _build/nrf52832_xxaa/nrfx_clock.c.o

.debug_abbrev   0x00000000     0x222d
 .debug_abbrev  0x00000000      0x2e8 _build/nrf52832_xxaa/LED.c.o
 .debug_abbrev  0x000002e8      0x308 _build/nrf52832_xxaa/timer.c.o
 .debug_abbrev  0x000005f0      0x384 _build/nrf52832_xxaa/button.c.o
 .debug_abbrev  0x00000974       0x14 _build/nrf52832_xxaa/gcc_startup_nrf52.S.o
 .debug_abbrev  0x00000988      0x37a _build/nrf52832_xxaa/app_util_platform.c.o
 .debug_abbrev  0x00000d02      0x234 _build/nrf52832_xxaa/main.c.o
 .debug_abbrev  0x00000f36      0x33b _build/nrf52832_xxaa/system_nrf52.c.o
 .debug_abbrev  0x00001271      0x540 _build/nrf52832_xxaa/app_timer.c.o
 .debug_abbrev  0x000017b1      0x51f _build/nrf52832_xxaa/nrf_drv_clock.c.o
 .debug_abbrev  0x00001cd0      0x55d _build/nrf52832_xxaa/nrfx_clock.c.o

.debug_loc      0x00000000     0x2568
 .debug_loc     0x00000000      0x106 _build/nrf52832_xxaa/LED.c.o
 .debug_loc     0x00000106       0x71 _build/nrf52832_xxaa/timer.c.o
 .debug_loc     0x00000177       0xe8 _build/nrf52832_xxaa/button.c.o
 .debug_loc     0x0000025f      0x11a _build/nrf52832_xxaa/app_util_platform.c.o
 .debug_loc     0x00000379      0x579 _build/nrf52832_xxaa/system_nrf52.c.o
 .debug_loc     0x000008f2     0x151d _build/nrf52832_xxaa/app_timer.c.o
 .debug_loc     0x00001e0f      0x360 _build/nrf52832_xxaa/nrf_drv_clock.c.o
 .debug_loc     0x0000216f      0x3f9 _build/nrf52832_xxaa/nrfx_clock.c.o

.debug_aranges  0x00000000      0x2b8
 .debug_aranges
                0x00000000       0x30 _build/nrf52832_xxaa/LED.c.o
 .debug_aranges
                0x00000030       0x38 _build/nrf52832_xxaa/timer.c.o
 .debug_aranges
                0x00000068       0x28 _build/nrf52832_xxaa/button.c.o
 .debug_aranges
                0x00000090       0x20 _build/nrf52832_xxaa/gcc_startup_nrf52.S.o
 .debug_aranges
                0x000000b0       0x48 _build/nrf52832_xxaa/app_util_platform.c.o
 .debug_aranges
                0x000000f8       0x20 _build/nrf52832_xxaa/main.c.o
 .debug_aranges
                0x00000118       0x38 _build/nrf52832_xxaa/system_nrf52.c.o
 .debug_aranges
                0x00000150       0x70 _build/nrf52832_xxaa/app_timer.c.o
 .debug_aranges
                0x000001c0       0x80 _build/nrf52832_xxaa/nrf_drv_clock.c.o
 .debug_aranges
                0x00000240       0x78 _build/nrf52832_xxaa/nrfx_clock.c.o

.debug_ranges   0x00000000     0x1030
 .debug_ranges  0x00000000       0x90 _build/nrf52832_xxaa/LED.c.o
 .debug_ranges  0x00000090       0x48 _build/nrf52832_xxaa/timer.c.o
 .debug_ranges  0x000000d8       0x58 _build/nrf52832_xxaa/button.c.o
 .debug_ranges  0x00000130       0x38 _build/nrf52832_xxaa/app_util_platform.c.o
 .debug_ranges  0x00000168       0x10 _build/nrf52832_xxaa/main.c.o
 .debug_ranges  0x00000178      0x180 _build/nrf52832_xxaa/system_nrf52.c.o
 .debug_ranges  0x000002f8      0x7f0 _build/nrf52832_xxaa/app_timer.c.o
 .debug_ranges  0x00000ae8      0x178 _build/nrf52832_xxaa/nrf_drv_clock.c.o
 .debug_ranges  0x00000c60      0x3d0 _build/nrf52832_xxaa/nrfx_clock.c.o

.debug_macro    0x00000000    0x16659
 .debug_macro   0x00000000      0x339 _build/nrf52832_xxaa/LED.c.o
 .debug_macro   0x00000339      0xac6 _build/nrf52832_xxaa/LED.c.o
 .debug_macro   0x00000dff       0x16 _build/nrf52832_xxaa/LED.c.o
 .debug_macro   0x00000e15      0x700 _build/nrf52832_xxaa/LED.c.o
 .debug_macro   0x00001515       0x22 _build/nrf52832_xxaa/LED.c.o
 .debug_macro   0x00001537       0x56 _build/nrf52832_xxaa/LED.c.o
 .debug_macro   0x0000158d       0x51 _build/nrf52832_xxaa/LED.c.o
 .debug_macro   0x000015de      0x103 _build/nrf52832_xxaa/LED.c.o
 .debug_macro   0x000016e1       0x6a _build/nrf52832_xxaa/LED.c.o
 .debug_macro   0x0000174b      0x1df _build/nrf52832_xxaa/LED.c.o
 .debug_macro   0x0000192a      0x16d _build/nrf52832_xxaa/LED.c.o
 .debug_macro   0x00001a97       0x22 _build/nrf52832_xxaa/LED.c.o
 .debug_macro   0x00001ab9       0x22 _build/nrf52832_xxaa/LED.c.o
 .debug_macro   0x00001adb       0x3b _build/nrf52832_xxaa/LED.c.o
 .debug_macro   0x00001b16       0x1c _build/nrf52832_xxaa/LED.c.o
 .debug_macro   0x00001b32       0x22 _build/nrf52832_xxaa/LED.c.o
 .debug_macro   0x00001b54      0x101 _build/nrf52832_xxaa/LED.c.o
 .debug_macro   0x00001c55     0x1011 _build/nrf52832_xxaa/LED.c.o
 .debug_macro   0x00002c66      0x11f _build/nrf52832_xxaa/LED.c.o
 .debug_macro   0x00002d85      0x3a0 _build/nrf52832_xxaa/LED.c.o
 .debug_macro   0x00003125     0xccef _build/nrf52832_xxaa/LED.c.o
 .debug_macro   0x0000fe14     0x1325 _build/nrf52832_xxaa/LED.c.o
 .debug_macro   0x00011139       0x82 _build/nrf52832_xxaa/LED.c.o
 .debug_macro   0x000111bb       0x40 _build/nrf52832_xxaa/LED.c.o
 .debug_macro   0x000111fb      0x3dc _build/nrf52832_xxaa/LED.c.o
 .debug_macro   0x000115d7       0x59 _build/nrf52832_xxaa/LED.c.o
 .debug_macro   0x00011630       0x73 _build/nrf52832_xxaa/LED.c.o
 .debug_macro   0x000116a3      0x131 _build/nrf52832_xxaa/LED.c.o
 .debug_macro   0x000117d4       0x16 _build/nrf52832_xxaa/LED.c.o
 .debug_macro   0x000117ea      0x16d _build/nrf52832_xxaa/LED.c.o
 .debug_macro   0x00011957      0x7bc _build/nrf52832_xxaa/LED.c.o
 .debug_macro   0x00012113       0x3f _build/nrf52832_xxaa/LED.c.o
 .debug_macro   0x00012152       0x64 _build/nrf52832_xxaa/LED.c.o
 .debug_macro   0x000121b6       0x18 _build/nrf52832_xxaa/LED.c.o
 .debug_macro   0x000121ce       0x35 _build/nrf52832_xxaa/LED.c.o
 .debug_macro   0x00012203       0x34 _build/nrf52832_xxaa/LED.c.o
 .debug_macro   0x00012237       0x16 _build/nrf52832_xxaa/LED.c.o
 .debug_macro   0x0001224d       0x35 _build/nrf52832_xxaa/LED.c.o
 .debug_macro   0x00012282      0x356 _build/nrf52832_xxaa/LED.c.o
 .debug_macro   0x000125d8       0x10 _build/nrf52832_xxaa/LED.c.o
 .debug_macro   0x000125e8       0x16 _build/nrf52832_xxaa/LED.c.o
 .debug_macro   0x000125fe       0x43 _build/nrf52832_xxaa/LED.c.o
 .debug_macro   0x00012641       0x34 _build/nrf52832_xxaa/LED.c.o
 .debug_macro   0x00012675       0x10 _build/nrf52832_xxaa/LED.c.o
 .debug_macro   0x00012685       0x58 _build/nrf52832_xxaa/LED.c.o
 .debug_macro   0x000126dd      0x182 _build/nrf52832_xxaa/LED.c.o
 .debug_macro   0x0001285f       0xbe _build/nrf52832_xxaa/LED.c.o
 .debug_macro   0x0001291d       0x16 _build/nrf52832_xxaa/LED.c.o
 .debug_macro   0x00012933      0x129 _build/nrf52832_xxaa/LED.c.o
 .debug_macro   0x00012a5c       0x8e _build/nrf52832_xxaa/LED.c.o
 .debug_macro   0x00012aea       0xad _build/nrf52832_xxaa/LED.c.o
 .debug_macro   0x00012b97       0x49 _build/nrf52832_xxaa/LED.c.o
 .debug_macro   0x00012be0       0x8c _build/nrf52832_xxaa/LED.c.o
 .debug_macro   0x00012c6c       0x19 _build/nrf52832_xxaa/LED.c.o
 .debug_macro   0x00012c85       0x1d _build/nrf52832_xxaa/LED.c.o
 .debug_macro   0x00012ca2       0x35 _build/nrf52832_xxaa/LED.c.o
 .debug_macro   0x00012cd7       0x7b _build/nrf52832_xxaa/LED.c.o
 .debug_macro   0x00012d52       0x64 _build/nrf52832_xxaa/LED.c.o
 .debug_macro   0x00012db6       0x20 _build/nrf52832_xxaa/LED.c.o
 .debug_macro   0x00012dd6       0x1c _build/nrf52832_xxaa/LED.c.o
 .debug_macro   0x00012df2      0x351 _build/nrf52832_xxaa/timer.c.o
 .debug_macro   0x00013143       0x97 _build/nrf52832_xxaa/timer.c.o
 .debug_macro   0x000131da      0x35c _build/nrf52832_xxaa/timer.c.o
 .debug_macro   0x00013536       0xf6 _build/nrf52832_xxaa/timer.c.o
 .debug_macro   0x0001362c       0xfb _build/nrf52832_xxaa/timer.c.o
 .debug_macro   0x00013727       0x42 _build/nrf52832_xxaa/timer.c.o
 .debug_macro   0x00013769       0x45 _build/nrf52832_xxaa/timer.c.o
 .debug_macro   0x000137ae       0x16 _build/nrf52832_xxaa/timer.c.o
 .debug_macro   0x000137c4       0x10 _build/nrf52832_xxaa/timer.c.o
 .debug_macro   0x000137d4      0x33c _build/nrf52832_xxaa/button.c.o
 .debug_macro   0x00013b10       0x10 _build/nrf52832_xxaa/button.c.o
 .debug_macro   0x00013b20      0x239 _build/nrf52832_xxaa/app_util_platform.c.o
 .debug_macro   0x00013d59       0xe9 _build/nrf52832_xxaa/app_util_platform.c.o
 .debug_macro   0x00013e42      0x391 _build/nrf52832_xxaa/main.c.o
 .debug_macro   0x000141d3       0x22 _build/nrf52832_xxaa/main.c.o
 .debug_macro   0x000141f5      0x151 _build/nrf52832_xxaa/system_nrf52.c.o
 .debug_macro   0x00014346      0x44e _build/nrf52832_xxaa/system_nrf52.c.o
 .debug_macro   0x00014794      0xa28 _build/nrf52832_xxaa/system_nrf52.c.o
 .debug_macro   0x000151bc      0x520 _build/nrf52832_xxaa/system_nrf52.c.o
 .debug_macro   0x000156dc      0x164 _build/nrf52832_xxaa/system_nrf52.c.o
 .debug_macro   0x00015840      0x3f4 _build/nrf52832_xxaa/app_timer.c.o
 .debug_macro   0x00015c34      0x408 _build/nrf52832_xxaa/nrf_drv_clock.c.o
 .debug_macro   0x0001603c       0x16 _build/nrf52832_xxaa/nrf_drv_clock.c.o
 .debug_macro   0x00016052       0x37 _build/nrf52832_xxaa/nrf_drv_clock.c.o
 .debug_macro   0x00016089       0x10 _build/nrf52832_xxaa/nrf_drv_clock.c.o
 .debug_macro   0x00016099      0x179 _build/nrf52832_xxaa/nrf_drv_clock.c.o
 .debug_macro   0x00016212      0x3e9 _build/nrf52832_xxaa/nrfx_clock.c.o
 .debug_macro   0x000165fb       0x1c _build/nrf52832_xxaa/nrfx_clock.c.o
 .debug_macro   0x00016617       0x42 _build/nrf52832_xxaa/nrfx_clock.c.o

.debug_line     0x00000000     0x85c4
 .debug_line    0x00000000      0xb4f _build/nrf52832_xxaa/LED.c.o
 .debug_line    0x00000b4f      0xbfb _build/nrf52832_xxaa/timer.c.o
 .debug_line    0x0000174a      0xb8d _build/nrf52832_xxaa/button.c.o
 .debug_line    0x000022d7       0xce _build/nrf52832_xxaa/gcc_startup_nrf52.S.o
 .debug_line    0x000023a5      0x7d0 _build/nrf52832_xxaa/app_util_platform.c.o
 .debug_line    0x00002b75      0xd2f _build/nrf52832_xxaa/main.c.o
 .debug_line    0x000038a4      0xb5d _build/nrf52832_xxaa/system_nrf52.c.o
 .debug_line    0x00004401     0x1a99 _build/nrf52832_xxaa/app_timer.c.o
 .debug_line    0x00005e9a     0x11d2 _build/nrf52832_xxaa/nrf_drv_clock.c.o
 .debug_line    0x0000706c     0x1558 _build/nrf52832_xxaa/nrfx_clock.c.o

.debug_str      0x00000000    0x7b73e
 .debug_str     0x00000000    0x6dfed _build/nrf52832_xxaa/LED.c.o
                              0x6ed9b (size before relaxing)
 .debug_str     0x0006dfed      0x520 _build/nrf52832_xxaa/timer.c.o
                              0x6eee4 (size before relaxing)
 .debug_str     0x0006e50d      0x14d _build/nrf52832_xxaa/button.c.o
                              0x6ee45 (size before relaxing)
 .debug_str     0x0006e65a       0x8d _build/nrf52832_xxaa/gcc_startup_nrf52.S.o
                                 0xbd (size before relaxing)
 .debug_str     0x0006e6e7      0x4ed _build/nrf52832_xxaa/app_util_platform.c.o
                              0x631ff (size before relaxing)
 .debug_str     0x0006ebd4       0x3c _build/nrf52832_xxaa/main.c.o
                              0x6ee98 (size before relaxing)
 .debug_str     0x0006ec10     0x8433 _build/nrf52832_xxaa/system_nrf52.c.o
                              0x66ede (size before relaxing)
 .debug_str     0x00077043      0xe48 _build/nrf52832_xxaa/app_timer.c.o
                              0x70022 (size before relaxing)
 .debug_str     0x00077e8b     0x2fce _build/nrf52832_xxaa/nrf_drv_clock.c.o
                              0x72186 (size before relaxing)
 .debug_str     0x0007ae59      0x8e5 _build/nrf52832_xxaa/nrfx_clock.c.o
                              0x7284e (size before relaxing)

.debug_frame    0x00000000      0x6b0
 .debug_frame   0x00000000       0x40 _build/nrf52832_xxaa/LED.c.o
 .debug_frame   0x00000040       0x68 _build/nrf52832_xxaa/timer.c.o
 .debug_frame   0x000000a8       0x3c _build/nrf52832_xxaa/button.c.o
 .debug_frame   0x000000e4       0x70 _build/nrf52832_xxaa/app_util_platform.c.o
 .debug_frame   0x00000154       0x28 _build/nrf52832_xxaa/main.c.o
 .debug_frame   0x0000017c       0x60 _build/nrf52832_xxaa/system_nrf52.c.o
 .debug_frame   0x000001dc      0x138 _build/nrf52832_xxaa/app_timer.c.o
 .debug_frame   0x00000314      0x168 _build/nrf52832_xxaa/nrf_drv_clock.c.o
 .debug_frame   0x0000047c      0x140 _build/nrf52832_xxaa/nrfx_clock.c.o
 .debug_frame   0x000005bc       0x28 c:/program files (x86)/gnu arm embedded toolchain/9 2020-q2-update/bin/../lib/gcc/arm-none-eabi/9.3.1/../../../../arm-none-eabi/lib/thumb/v7e-m+fp/hard\libc_nano.a(lib_a-exit.o)
 .debug_frame   0x000005e4       0x2c c:/program files (x86)/gnu arm embedded toolchain/9 2020-q2-update/bin/../lib/gcc/arm-none-eabi/9.3.1/../../../../arm-none-eabi/lib/thumb/v7e-m+fp/hard\libc_nano.a(lib_a-init.o)
 .debug_frame   0x00000610       0x20 c:/program files (x86)/gnu arm embedded toolchain/9 2020-q2-update/bin/../lib/gcc/arm-none-eabi/9.3.1/../../../../arm-none-eabi/lib/thumb/v7e-m+fp/hard\libc_nano.a(lib_a-memset.o)
 .debug_frame   0x00000630       0x20 c:/program files (x86)/gnu arm embedded toolchain/9 2020-q2-update/bin/../lib/gcc/arm-none-eabi/9.3.1/../../../../arm-none-eabi/lib/thumb/v7e-m+fp/hard\libnosys.a(_exit.o)
 .debug_frame   0x00000650       0x2c c:/program files (x86)/gnu arm embedded toolchain/9 2020-q2-update/bin/../lib/gcc/arm-none-eabi/9.3.1/thumb/v7e-m+fp/hard\libgcc.a(_aeabi_uldivmod.o)
 .debug_frame   0x0000067c       0x34 c:/program files (x86)/gnu arm embedded toolchain/9 2020-q2-update/bin/../lib/gcc/arm-none-eabi/9.3.1/thumb/v7e-m+fp/hard\libgcc.a(_udivmoddi4.o)
